// Vitest Snapshot v1, https://vitest.dev/guide/snapshot.html

exports[`extractor > basic 1`] = `
[
  {
    "attributes": {
      "nodeType": "TEXT Node",
    },
    "content": "Data Record",
  },
  {
    "attributes": {
      "nodeType": "TEXT Node",
    },
    "content": "1970-01-01 19:25:01",
  },
  {
    "attributes": {
      "nodeType": "TEXT Node",
    },
    "content": "User Name: Stella",
  },
  {
    "attributes": {
      "nodeType": "TEXT Node",
    },
    "content": "ID
        Field 2
        Field 3
        Field 4
        Field 5
      
    
    
      
        30S
        Kace Cervantes
        Aylin Sawyer
        Jefferson Kirby
        Skyla Jefferson
      
      
        70U
        Florence Davenport
        Dariel Acevedo
        Ashlynn Delacruz
        Memphis Leal
      
      
        3AY
        Crystal Newman
        Anderson Brown
        Charlotte Griffith
        Franklin Everett
      
      
        YPG
        Kori Payne
        Edward Blevins
        Aila Gill
        Matthias Reed
      
      
        ZEN
        Magnolia Duke
        Kalel Glover
        Alessia Barton
        Cassius Peck",
  },
  {
    "attributes": {
      "nodeType": "TEXT Node",
    },
    "content": "ID
        Field 2
        Field 3
        Field 4
        Field 5",
  },
  {
    "attributes": {
      "nodeType": "TEXT Node",
    },
    "content": "ID
        Field 2
        Field 3
        Field 4
        Field 5",
  },
  {
    "attributes": {
      "nodeType": "TEXT Node",
    },
    "content": "ID",
  },
  {
    "attributes": {
      "nodeType": "TEXT Node",
    },
    "content": "Field 2",
  },
  {
    "attributes": {
      "nodeType": "TEXT Node",
    },
    "content": "Field 3",
  },
  {
    "attributes": {
      "nodeType": "TEXT Node",
    },
    "content": "Field 4",
  },
  {
    "attributes": {
      "nodeType": "TEXT Node",
    },
    "content": "Field 5",
  },
  {
    "attributes": {
      "nodeType": "TEXT Node",
    },
    "content": "30S
        Kace Cervantes
        Aylin Sawyer
        Jefferson Kirby
        Skyla Jefferson
      
      
        70U
        Florence Davenport
        Dariel Acevedo
        Ashlynn Delacruz
        Memphis Leal
      
      
        3AY
        Crystal Newman
        Anderson Brown
        Charlotte Griffith
        Franklin Everett
      
      
        YPG
        Kori Payne
        Edward Blevins
        Aila Gill
        Matthias Reed
      
      
        ZEN
        Magnolia Duke
        Kalel Glover
        Alessia Barton
        Cassius Peck",
  },
  {
    "attributes": {
      "nodeType": "TEXT Node",
    },
    "content": "30S
        Kace Cervantes
        Aylin Sawyer
        Jefferson Kirby
        Skyla Jefferson",
  },
  {
    "attributes": {
      "nodeType": "TEXT Node",
    },
    "content": "30S",
  },
  {
    "attributes": {
      "nodeType": "TEXT Node",
    },
    "content": "Kace Cervantes",
  },
  {
    "attributes": {
      "nodeType": "TEXT Node",
    },
    "content": "Aylin Sawyer",
  },
  {
    "attributes": {
      "nodeType": "TEXT Node",
    },
    "content": "Jefferson Kirby",
  },
  {
    "attributes": {
      "nodeType": "TEXT Node",
    },
    "content": "Skyla Jefferson",
  },
  {
    "attributes": {
      "nodeType": "TEXT Node",
    },
    "content": "70U
        Florence Davenport
        Dariel Acevedo
        Ashlynn Delacruz
        Memphis Leal",
  },
  {
    "attributes": {
      "nodeType": "TEXT Node",
    },
    "content": "70U",
  },
  {
    "attributes": {
      "nodeType": "TEXT Node",
    },
    "content": "Florence Davenport",
  },
  {
    "attributes": {
      "nodeType": "TEXT Node",
    },
    "content": "Dariel Acevedo",
  },
  {
    "attributes": {
      "nodeType": "TEXT Node",
    },
    "content": "Ashlynn Delacruz",
  },
  {
    "attributes": {
      "nodeType": "TEXT Node",
    },
    "content": "Memphis Leal",
  },
  {
    "attributes": {
      "nodeType": "TEXT Node",
    },
    "content": "3AY
        Crystal Newman
        Anderson Brown
        Charlotte Griffith
        Franklin Everett",
  },
  {
    "attributes": {
      "nodeType": "TEXT Node",
    },
    "content": "3AY",
  },
  {
    "attributes": {
      "nodeType": "TEXT Node",
    },
    "content": "Crystal Newman",
  },
  {
    "attributes": {
      "nodeType": "TEXT Node",
    },
    "content": "Anderson Brown",
  },
  {
    "attributes": {
      "nodeType": "TEXT Node",
    },
    "content": "Charlotte Griffith",
  },
  {
    "attributes": {
      "nodeType": "TEXT Node",
    },
    "content": "Franklin Everett",
  },
  {
    "attributes": {
      "nodeType": "TEXT Node",
    },
    "content": "YPG
        Kori Payne
        Edward Blevins
        Aila Gill
        Matthias Reed",
  },
  {
    "attributes": {
      "nodeType": "TEXT Node",
    },
    "content": "YPG",
  },
  {
    "attributes": {
      "nodeType": "TEXT Node",
    },
    "content": "Kori Payne",
  },
  {
    "attributes": {
      "nodeType": "TEXT Node",
    },
    "content": "Edward Blevins",
  },
  {
    "attributes": {
      "nodeType": "TEXT Node",
    },
    "content": "Aila Gill",
  },
  {
    "attributes": {
      "nodeType": "TEXT Node",
    },
    "content": "Matthias Reed",
  },
  {
    "attributes": {
      "nodeType": "TEXT Node",
    },
    "content": "ZEN
        Magnolia Duke
        Kalel Glover
        Alessia Barton
        Cassius Peck",
  },
  {
    "attributes": {
      "nodeType": "TEXT Node",
    },
    "content": "ZEN",
  },
  {
    "attributes": {
      "nodeType": "TEXT Node",
    },
    "content": "Magnolia Duke",
  },
  {
    "attributes": {
      "nodeType": "TEXT Node",
    },
    "content": "Kalel Glover",
  },
  {
    "attributes": {
      "nodeType": "TEXT Node",
    },
    "content": "Alessia Barton",
  },
  {
    "attributes": {
      "nodeType": "TEXT Node",
    },
    "content": "Cassius Peck",
  },
  {
    "attributes": {
      "nodeType": "TEXT Node",
    },
    "content": "Form
    Name:
    
    Click Me
    Shape",
  },
  {
    "attributes": {
      "nodeType": "TEXT Node",
    },
    "content": "Form",
  },
  {
    "attributes": {
      "for": "name",
      "nodeType": "TEXT Node",
    },
    "content": "Name:",
  },
  {
    "attributes": {
      "id": "J_input",
      "nodeType": "INPUT Node",
      "placeholder": "Hello World This is Placeholder",
    },
    "content": "Hello World This is Placeholder",
  },
  {
    "attributes": {
      "nodeType": "BUTTON Node",
    },
    "content": "Click Me",
  },
  {
    "attributes": {
      "nodeType": "TEXT Node",
    },
    "content": "Shape",
  },
  {
    "attributes": {
      "nodeType": "INPUT Node",
      "placeholder": "You shouldn't see this placeholder.",
      "value": "Rectangle",
    },
    "content": "You shouldn't see this placeholder.",
  },
  {
    "attributes": {
      "nodeType": "INPUT Node",
      "placeholder": "this_is_a_textarea",
    },
    "content": "this_is_a_textarea",
  },
  {
    "attributes": {
      "class": ".gh-ar-hdn",
      "for": "gh-ac",
      "nodeType": "TEXT Node",
    },
    "content": "输入搜索关键词",
  },
  {
    "attributes": {
      "_midscene_retrieve_task_id": "36bc72f23a",
      "aria-autocomplete": "list",
      "aria-expanded": "false",
      "aria-haspopup": "true",
      "aria-label": "搜索任何物品",
      "aria-owns": "ui-id-1",
      "autocapitalize": "off",
      "autocomplete": "off",
      "autocorrect": "off",
      "class": ".gh-tb.ui-autocomplete-input",
      "id": "gh-ac",
      "maxlength": "300",
      "name": "_nkw",
      "nodeType": "INPUT Node",
      "placeholder": "搜索任何物品",
      "role": "combobox",
      "size": "50",
      "spellcheck": "false",
      "type": "text",
    },
    "content": "搜索任何物品",
  },
]
`;
