[
  {
    "elements": [
      {
        "id": "3530a9c1eb",
        "indexId": "2",
      },
    ],
    "error": [],
    "prompt": "任务输入框",
  },
  {
    "elements": [
      {
        "id": "b5bacc879a",
        "indexId": "8",
      },
    ],
    "error": [],
    "prompt": "任务列表中的第二项",
  },
  {
    "elements": [
      {
        "id": "7ccd467339",
        "indexId": "9",
      },
    ],
    "error": [],
    "prompt": "第二项任务右边的删除按钮",
  },
  {
    "elements": [
      {
        "id": "eb987bf616",
        "indexId": "10",
      },
    ],
    "error": [],
    "prompt": "任务列表中第三项左边的勾选按钮",
  },
  {
    "elements": [
      {
        "id": "0f8f471e06",
        "indexId": "15",
      },
    ],
    "error": [],
    "prompt": "任务列表下面的 Completed 状态按钮",
  },
]