[
  {
    "elements": [
      {
        "id": "6ad26dfdca",
        "indexId": "1",
      },
    ],
    "error": [],
    "prompt": "Top left menu bar icon",
  },
  {
    "elements": [
      {
        "id": "ba59909699",
        "indexId": "2",
      },
    ],
    "error": [],
    "prompt": "Toggle language text button(Could be：中文、english text)",
  },
  {
    "elements": [
      {
        "id": "f775c69cb4",
        "indexId": "4",
      },
    ],
    "error": [],
    "prompt": "Top right shopping cart",
  },
  {
    "elements": [
      {
        "id": "14103376fb",
        "indexId": "22",
      },
      {
        "id": "0250e12e67",
        "indexId": "28",
      },
    ],
    "error": [],
    "prompt": "The price number on the right of the drink picture",
  },
  {
    "elements": [
      {
        "id": "580cfae23c",
        "indexId": "23",
      },
      {
        "id": "925c254744",
        "indexId": "29",
      },
    ],
    "error": [],
    "prompt": "选择规格按钮",
  },
  {
    "elements": [
      {
        "id": "cad3004a2d",
        "indexId": "30",
      },
    ],
    "error": [],
    "prompt": "Bottom right Customer service button",
  },
]