[
  {
    "elements": [
      {
        "id": "b0ca2e8c69",
      },
    ],
    "error": [],
    "prompt": "任务输入框",
  },
  {
    "elements": [
      {
        "id": "b9807d7de6",
      },
    ],
    "error": [],
    "prompt": "任务列表中的第二项",
  },
  {
    "elements": [
      {
        "id": "c5a7702fed",
      },
    ],
    "error": [],
    "prompt": "第二项任务右边的删除按钮",
  },
  {
    "elements": [
      {
        "id": "c84a3afdac",
      },
    ],
    "error": [],
    "prompt": "任务列表中第三项左边的勾选按钮",
  },
  {
    "elements": [
      {
        "id": "defa24dedd",
      },
    ],
    "error": [],
    "prompt": "任务列表下面的 Completed 状态按钮",
  },
]