[
  {
    "elements": [
      {
        "id": "922e98a196",
      },
    ],
    "error": [],
    "prompt": "Top left menu bar icon",
  },
  {
    "elements": [
      {
        "id": "83ffa89342",
      },
    ],
    "error": [],
    "prompt": "Toggle language text button(Could be：中文、english text)",
  },
  {
    "elements": [
      {
        "id": "a525985342",
      },
    ],
    "error": [],
    "prompt": "Top right shopping cart",
  },
  {
    "elements": [
      {
        "id": "3fb89d359f",
      },
      {
        "id": "c4300a7c45",
      },
    ],
    "error": [],
    "prompt": "The price number on the right of the drink picture",
  },
  {
    "elements": [
      {
        "id": "ae0ba24c99",
      },
      {
        "id": "a50d88f84c",
      },
    ],
    "error": [],
    "prompt": "选择规格按钮",
  },
  {
    "elements": [
      {
        "id": "df4f252aab",
      },
    ],
    "error": [],
    "prompt": "Bottom right Customer service button",
  },
]