[
  {
    "elements": [
      {
        "id": "1",
      },
    ],
    "error": [],
    "prompt": "Top left menu bar icon",
  },
  {
    "elements": [
      {
        "id": "2",
      },
    ],
    "error": [],
    "prompt": "Switch language(包括中文、english内容)",
  },
  {
    "elements": [
      {
        "id": "4",
      },
    ],
    "error": [],
    "prompt": "Top right shopping cart",
  },
  {
    "elements": [
      {
        "id": "22",
      },
      {
        "id": "28",
      },
    ],
    "error": [],
    "prompt": "The price number on the right of the drink picture",
  },
  {
    "elements": [
      {
        "id": "23",
      },
      {
        "id": "29",
      },
    ],
    "error": [],
    "prompt": "选择规格按钮",
  },
  {
    "elements": [
      {
        "id": "30",
      },
    ],
    "error": [],
    "prompt": "Bottom right Customer service button",
  },
]