// Vitest Snapshot v1, https://vitest.dev/guide/snapshot.html

exports[`yaml > basic load 1`] = `
{
  "target": {
    "url": "https://www.baidu.com",
    "waitForNetworkIdle": {
      "continueOnNetworkIdleError": true,
      "timeout": 1000,
    },
  },
  "tasks": [
    {
      "flow": [
        {
          "action": "type 'hello' in search box, hit enter",
        },
      ],
      "name": "search",
    },
  ],
}
`;
