// Vitest Snapshot v1, https://vitest.dev/guide/snapshot.html

exports[`Show case - vscode site, write demo data > split the Github status page 1`] = `
{
  "API Requests": "Normal",
  "Actions": "Normal",
  "Codespaces": "Normal",
  "Copilot": "Normal",
  "Git Operations": "Normal",
  "Issues": "Normal",
  "Packages": "Normal",
  "Pages": "Normal",
  "Pull Requests": "Normal",
  "Webhooks": "Normal",
}
`;
