// Vitest Snapshot v1, https://vitest.dev/guide/snapshot.html

exports[`executor > insight - basic run 1`] = `
{
  "element": {
    "attributes": {
      "nodeType": "CONTAINER Node",
    },
    "center": [
      250,
      250,
    ],
    "children": [],
    "content": "",
    "id": "0",
    "rect": {
      "height": 100,
      "left": 200,
      "top": 200,
      "width": 100,
    },
  },
}
`;
