// Vitest Snapshot v1, https://vitest.dev/guide/snapshot.html

exports[`yaml utils > basic build && load 1`] = `
"target:
  url: https://www.baidu.com
  waitForNetworkIdle:
    timeout: 1000
    continueOnNetworkIdleError: true
tasks:
  - name: search
    flow:
      - aiAction: type "hello" in search box, hit enter
"
`;

exports[`yaml utils > basic build && load 2`] = `
{
  "target": {
    "url": "https://www.baidu.com",
    "waitForNetworkIdle": {
      "continueOnNetworkIdleError": true,
      "timeout": 1000,
    },
  },
  "tasks": [
    {
      "flow": [
        {
          "aiAction": "type "hello" in search box, hit enter",
        },
      ],
      "name": "search",
    },
  ],
}
`;
